---
source: blueprint-lang/tests/parse_snapshot.rs
expression: "format!(\"{bp:#?}\")"

---
Blueprint {
    version: Some(
        Scalar {
            value: String(
                "2025-11-02",
            ),
            span: Some(
                Span {
                    start: Position {
                        line: 1,
                        column: 9,
                    },
                    end: Some(
                        Position {
                            line: 1,
                            column: 21,
                        },
                    ),
                },
            ),
        },
    ),
    transform: [],
    variables: NamedMap {
        values: {},
        source_meta: {},
    },
    values: NamedMap {
        values: {},
        source_meta: {},
    },
    include: NamedMap {
        values: {},
        source_meta: {},
    },
    resources: NamedMap {
        values: {
            "saveOrderFunction": Resource {
                res_type: Spanned {
                    value: "aws/lambda/function",
                    span: Some(
                        Span {
                            start: Position {
                                line: 3,
                                column: 29,
                            },
                            end: Some(
                                Position {
                                    line: 3,
                                    column: 48,
                                },
                            ),
                        },
                    ),
                },
                description: None,
                metadata: None,
                depends_on: [],
                condition: Some(
                    And(
                        [
                            Expr(
                                StringOrSubstitutions {
                                    values: [
                                        Substitution(
                                            Substitution {
                                                kind: Function(
                                                    SubstitutionFunction {
                                                        name: SubstitutionFunctionName(
                                                            "eq",
                                                        ),
                                                        arguments: [
                                                            SubstitutionFunctionArg {
                                                                name: None,
                                                                value: Substitution {
                                                                    kind: Variable(
                                                                        SubstitutionVariable {
                                                                            variable_name: "deploymentTarget",
                                                                        },
                                                                    ),
                                                                    span: Some(
                                                                        Span {
                                                                            start: Position {
                                                                                line: 6,
                                                                                column: 13,
                                                                            },
                                                                            end: Some(
                                                                                Position {
                                                                                    line: 6,
                                                                                    column: 39,
                                                                                },
                                                                            ),
                                                                        },
                                                                    ),
                                                                },
                                                                span: None,
                                                            },
                                                            SubstitutionFunctionArg {
                                                                name: None,
                                                                value: Substitution {
                                                                    kind: String(
                                                                        "serverless",
                                                                    ),
                                                                    span: Some(
                                                                        Span {
                                                                            start: Position {
                                                                                line: 6,
                                                                                column: 43,
                                                                            },
                                                                            end: Some(
                                                                                Position {
                                                                                    line: 6,
                                                                                    column: 55,
                                                                                },
                                                                            ),
                                                                        },
                                                                    ),
                                                                },
                                                                span: None,
                                                            },
                                                        ],
                                                        path: [],
                                                    },
                                                ),
                                                span: Some(
                                                    Span {
                                                        start: Position {
                                                            line: 6,
                                                            column: 13,
                                                        },
                                                        end: Some(
                                                            Position {
                                                                line: 6,
                                                                column: 55,
                                                            },
                                                        ),
                                                    },
                                                ),
                                            },
                                        ),
                                    ],
                                    span: Some(
                                        Span {
                                            start: Position {
                                                line: 6,
                                                column: 13,
                                            },
                                            end: Some(
                                                Position {
                                                    line: 6,
                                                    column: 55,
                                                },
                                            ),
                                        },
                                    ),
                                },
                            ),
                            Or(
                                [
                                    Expr(
                                        StringOrSubstitutions {
                                            values: [
                                                Substitution(
                                                    Substitution {
                                                        kind: Function(
                                                            SubstitutionFunction {
                                                                name: SubstitutionFunctionName(
                                                                    "eq",
                                                                ),
                                                                arguments: [
                                                                    SubstitutionFunctionArg {
                                                                        name: None,
                                                                        value: Substitution {
                                                                            kind: Variable(
                                                                                SubstitutionVariable {
                                                                                    variable_name: "environment",
                                                                                },
                                                                            ),
                                                                            span: Some(
                                                                                Span {
                                                                                    start: Position {
                                                                                        line: 9,
                                                                                        column: 21,
                                                                                    },
                                                                                    end: Some(
                                                                                        Position {
                                                                                            line: 9,
                                                                                            column: 42,
                                                                                        },
                                                                                    ),
                                                                                },
                                                                            ),
                                                                        },
                                                                        span: None,
                                                                    },
                                                                    SubstitutionFunctionArg {
                                                                        name: None,
                                                                        value: Substitution {
                                                                            kind: String(
                                                                                "production",
                                                                            ),
                                                                            span: Some(
                                                                                Span {
                                                                                    start: Position {
                                                                                        line: 9,
                                                                                        column: 46,
                                                                                    },
                                                                                    end: Some(
                                                                                        Position {
                                                                                            line: 9,
                                                                                            column: 58,
                                                                                        },
                                                                                    ),
                                                                                },
                                                                            ),
                                                                        },
                                                                        span: None,
                                                                    },
                                                                ],
                                                                path: [],
                                                            },
                                                        ),
                                                        span: Some(
                                                            Span {
                                                                start: Position {
                                                                    line: 9,
                                                                    column: 21,
                                                                },
                                                                end: Some(
                                                                    Position {
                                                                        line: 9,
                                                                        column: 58,
                                                                    },
                                                                ),
                                                            },
                                                        ),
                                                    },
                                                ),
                                            ],
                                            span: Some(
                                                Span {
                                                    start: Position {
                                                        line: 9,
                                                        column: 21,
                                                    },
                                                    end: Some(
                                                        Position {
                                                            line: 9,
                                                            column: 58,
                                                        },
                                                    ),
                                                },
                                            ),
                                        },
                                    ),
                                    Expr(
                                        StringOrSubstitutions {
                                            values: [
                                                Substitution(
                                                    Substitution {
                                                        kind: Function(
                                                            SubstitutionFunction {
                                                                name: SubstitutionFunctionName(
                                                                    "eq",
                                                                ),
                                                                arguments: [
                                                                    SubstitutionFunctionArg {
                                                                        name: None,
                                                                        value: Substitution {
                                                                            kind: Variable(
                                                                                SubstitutionVariable {
                                                                                    variable_name: "environment",
                                                                                },
                                                                            ),
                                                                            span: Some(
                                                                                Span {
                                                                                    start: Position {
                                                                                        line: 10,
                                                                                        column: 21,
                                                                                    },
                                                                                    end: Some(
                                                                                        Position {
                                                                                            line: 10,
                                                                                            column: 42,
                                                                                        },
                                                                                    ),
                                                                                },
                                                                            ),
                                                                        },
                                                                        span: None,
                                                                    },
                                                                    SubstitutionFunctionArg {
                                                                        name: None,
                                                                        value: Substitution {
                                                                            kind: String(
                                                                                "staging",
                                                                            ),
                                                                            span: Some(
                                                                                Span {
                                                                                    start: Position {
                                                                                        line: 10,
                                                                                        column: 46,
                                                                                    },
                                                                                    end: Some(
                                                                                        Position {
                                                                                            line: 10,
                                                                                            column: 55,
                                                                                        },
                                                                                    ),
                                                                                },
                                                                            ),
                                                                        },
                                                                        span: None,
                                                                    },
                                                                ],
                                                                path: [],
                                                            },
                                                        ),
                                                        span: Some(
                                                            Span {
                                                                start: Position {
                                                                    line: 10,
                                                                    column: 21,
                                                                },
                                                                end: Some(
                                                                    Position {
                                                                        line: 10,
                                                                        column: 55,
                                                                    },
                                                                ),
                                                            },
                                                        ),
                                                    },
                                                ),
                                            ],
                                            span: Some(
                                                Span {
                                                    start: Position {
                                                        line: 10,
                                                        column: 21,
                                                    },
                                                    end: Some(
                                                        Position {
                                                            line: 10,
                                                            column: 55,
                                                        },
                                                    ),
                                                },
                                            ),
                                        },
                                    ),
                                ],
                            ),
                            Not(
                                Expr(
                                    StringOrSubstitutions {
                                        values: [
                                            Substitution(
                                                Substitution {
                                                    kind: Variable(
                                                        SubstitutionVariable {
                                                            variable_name: "maintenanceMode",
                                                        },
                                                    ),
                                                    span: Some(
                                                        Span {
                                                            start: Position {
                                                                line: 14,
                                                                column: 23,
                                                            },
                                                            end: Some(
                                                                Position {
                                                                    line: 14,
                                                                    column: 48,
                                                                },
                                                            ),
                                                        },
                                                    ),
                                                },
                                            ),
                                        ],
                                        span: Some(
                                            Span {
                                                start: Position {
                                                    line: 14,
                                                    column: 23,
                                                },
                                                end: Some(
                                                    Position {
                                                        line: 14,
                                                        column: 48,
                                                    },
                                                ),
                                            },
                                        ),
                                    },
                                ),
                            ),
                        ],
                    ),
                ),
                each: None,
                link_selector: None,
                removal_policy: None,
                spec: Fields {
                    fields: {
                        "functionName": Scalar(
                            Scalar {
                                value: String(
                                    "saveOrderFunction",
                                ),
                                span: Some(
                                    Span {
                                        start: Position {
                                            line: 20,
                                            column: 24,
                                        },
                                        end: Some(
                                            Position {
                                                line: 20,
                                                column: 43,
                                            },
                                        ),
                                    },
                                ),
                            },
                        ),
                    },
                    fields_span: {
                        "functionName": Span {
                            start: Position {
                                line: 20,
                                column: 9,
                            },
                            end: Some(
                                Position {
                                    line: 20,
                                    column: 21,
                                },
                            ),
                        },
                    },
                    span: Some(
                        Span {
                            start: Position {
                                line: 19,
                                column: 10,
                            },
                            end: Some(
                                Position {
                                    line: 21,
                                    column: 6,
                                },
                            ),
                        },
                    ),
                },
                span: Some(
                    Span {
                        start: Position {
                            line: 3,
                            column: 10,
                        },
                        end: Some(
                            Position {
                                line: 3,
                                column: 27,
                            },
                        ),
                    },
                ),
                fields_source_meta: {
                    "condition": Span {
                        start: Position {
                            line: 4,
                            column: 5,
                        },
                        end: Some(
                            Position {
                                line: 17,
                                column: 6,
                            },
                        ),
                    },
                    "spec": Span {
                        start: Position {
                            line: 19,
                            column: 5,
                        },
                        end: Some(
                            Position {
                                line: 21,
                                column: 6,
                            },
                        ),
                    },
                },
            },
        },
        source_meta: {
            "saveOrderFunction": Span {
                start: Position {
                    line: 3,
                    column: 10,
                },
                end: Some(
                    Position {
                        line: 3,
                        column: 27,
                    },
                ),
            },
        },
    },
    data_sources: NamedMap {
        values: {},
        source_meta: {},
    },
    exports: NamedMap {
        values: {},
        source_meta: {},
    },
    metadata: None,
    span: None,
}
